main.c:119:5:main	8	static
main.c:188:6:SystemClock_Config	88	static
main.c:232:13:MX_TIM9_Init	24	static
main.c:271:13:MX_USART2_UART_Init	8	static
main.c:304:13:MX_USART3_UART_Init	8	static
main.c:337:13:MX_GPIO_Init	56	static
main.c:475:6:HAL_UART_TxCpltCallback	16	static
main.c:511:6:HAL_UART_RxCpltCallback	16	static
main.c:582:6:HAL_GPIO_EXTI_Callback	16	static
main.c:590:9:qrRespuestaValida	24	static
main.c:602:9:qrRespSetupOnCode	24	static
main.c:614:6:HAL_TIM_PeriodElapsedCallback	16	static
main.c:651:6:Error_Handler	4	static,ignoring_inline_asm
